Mandatory cache-free calls. Local latency includes private startup and teardown.
600 pending measurements; successful repetitions are skipped.
tev1:4b · case 10 · repetition 30 ━━━━━━━━━━━━━━━━━━━━━━━━━━━━━━━━━ 100% 0:00:00
           Structured decision repeatability / distribution           
┏━━━━━━━━━━━┳━━━━━━┳━━━━━━━┳━━━━━━━┳━━━━━━━┳━━━━━━━┳━━━━━━━┳━━━━━━━━━┓
┃ Model     ┃ Case ┃ Valid ┃   Web ┃  Safe ┃ Fresh ┃ Route ┃  p95 ms ┃
┡━━━━━━━━━━━╇━━━━━━╇━━━━━━━╇━━━━━━━╇━━━━━━━╇━━━━━━━╇━━━━━━━╇━━━━━━━━━┩
│ tev1:0.8b │    1 │ 30/30 │ 0.349 │ 0.572 │ 0.824 │  100% │  1601.6 │
│ tev1:0.8b │    2 │ 30/30 │ 0.550 │ 0.588 │ 1.552 │  100% │  1590.5 │
│ tev1:0.8b │    3 │ 30/30 │ 0.837 │ 0.826 │ 2.090 │  100% │  1595.6 │
│ tev1:0.8b │    4 │ 30/30 │ 0.587 │ 0.937 │ 0.862 │  100% │  1703.9 │
│ tev1:0.8b │    5 │ 30/30 │ 0.597 │ 0.783 │ 1.375 │  100% │  2600.5 │
│ tev1:0.8b │    6 │ 30/30 │ 0.417 │ 0.616 │ 1.488 │  100% │ 13354.1 │
│ tev1:0.8b │    7 │ 30/30 │ 0.576 │ 0.021 │ 2.384 │  100% │  2381.2 │
│ tev1:0.8b │    8 │ 30/30 │ 0.391 │ 0.826 │ 0.881 │  100% │  1716.3 │
│ tev1:0.8b │    9 │ 30/30 │ 0.658 │ 0.820 │ 1.920 │  100% │  1765.5 │
│ tev1:0.8b │   10 │ 30/30 │ 0.474 │ 0.846 │ 1.073 │  100% │  1713.9 │
│ tev1:4b   │    1 │ 30/30 │ 0.094 │ 0.933 │ 0.327 │  100% │  5324.2 │
│ tev1:4b   │    2 │ 30/30 │ 0.899 │ 0.925 │ 2.981 │  100% │  7509.4 │
│ tev1:4b   │    3 │ 30/30 │ 0.991 │ 0.980 │ 4.168 │  100% │  6063.2 │
│ tev1:4b   │    4 │ 30/30 │ 0.180 │ 0.882 │ 0.284 │  100% │  4927.1 │
│ tev1:4b   │    5 │ 30/30 │ 0.974 │ 0.974 │ 3.533 │  100% │  4834.8 │
│ tev1:4b   │    6 │ 30/30 │ 0.839 │ 0.944 │ 2.084 │  100% │  4865.4 │
│ tev1:4b   │    7 │ 30/30 │ 0.291 │ 0.003 │ 0.997 │  100% │  4822.8 │
│ tev1:4b   │    8 │ 30/30 │ 0.113 │ 0.915 │ 0.325 │  100% │  4756.4 │
│ tev1:4b   │    9 │ 30/30 │ 0.916 │ 0.978 │ 2.906 │  100% │  4692.8 │
│ tev1:4b   │   10 │ 30/30 │ 0.984 │ 0.989 │ 3.988 │  100% │  4644.5 │
└───────────┴──────┴───────┴───────┴───────┴───────┴───────┴─────────┘
Web/Safe/Fresh: means; Route: consistency; Valid: valid/attempted.
Latest failures: 0; historical failures: 0. Results: 
/Users/danielrvbi/Desktop/PythonStuff/agents/jev_takes_on_llms/results/jev_30/be
nchmark
